// Jest Snapshot v1, https://goo.gl/fbAQLP

exports[`should render ExpenseListItem correctly 1`] = `
ShallowWrapper {
  Symbol(enzyme.__root__): [Circular],
  Symbol(enzyme.__unrendered__): <ExpenseListItem
    amount={155}
    createdAt={0}
    description="Gum"
    id="1"
    note=""
  />,
  Symbol(enzyme.__renderer__): Object {
    "batchedUpdates": [Function],
    "getNode": [Function],
    "render": [Function],
    "simulateError": [Function],
    "simulateEvent": [Function],
    "unmount": [Function],
  },
  Symbol(enzyme.__node__): Object {
    "instance": null,
    "key": undefined,
    "nodeType": "host",
    "props": Object {
      "children": Array [
        <p>
          Gum
        </p>,
        <b>
          $1.55
        </b>,
        <p>
           - 
          31/12/1969
        </p>,
        <Link
          replace={false}
          to="/edit/1"
        >
          Edit
        </Link>,
      ],
    },
    "ref": null,
    "rendered": Array [
      Object {
        "instance": null,
        "key": undefined,
        "nodeType": "host",
        "props": Object {
          "children": "Gum",
        },
        "ref": null,
        "rendered": "Gum",
        "type": "p",
      },
      Object {
        "instance": null,
        "key": undefined,
        "nodeType": "host",
        "props": Object {
          "children": "$1.55",
        },
        "ref": null,
        "rendered": "$1.55",
        "type": "b",
      },
      Object {
        "instance": null,
        "key": undefined,
        "nodeType": "host",
        "props": Object {
          "children": Array [
            " - ",
            "31/12/1969",
          ],
        },
        "ref": null,
        "rendered": Array [
          " - ",
          "31/12/1969",
        ],
        "type": "p",
      },
      Object {
        "instance": null,
        "key": undefined,
        "nodeType": "class",
        "props": Object {
          "children": "Edit",
          "replace": false,
          "to": "/edit/1",
        },
        "ref": null,
        "rendered": "Edit",
        "type": [Function],
      },
    ],
    "type": "div",
  },
  Symbol(enzyme.__nodes__): Array [
    Object {
      "instance": null,
      "key": undefined,
      "nodeType": "host",
      "props": Object {
        "children": Array [
          <p>
            Gum
          </p>,
          <b>
            $1.55
          </b>,
          <p>
             - 
            31/12/1969
          </p>,
          <Link
            replace={false}
            to="/edit/1"
          >
            Edit
          </Link>,
        ],
      },
      "ref": null,
      "rendered": Array [
        Object {
          "instance": null,
          "key": undefined,
          "nodeType": "host",
          "props": Object {
            "children": "Gum",
          },
          "ref": null,
          "rendered": "Gum",
          "type": "p",
        },
        Object {
          "instance": null,
          "key": undefined,
          "nodeType": "host",
          "props": Object {
            "children": "$1.55",
          },
          "ref": null,
          "rendered": "$1.55",
          "type": "b",
        },
        Object {
          "instance": null,
          "key": undefined,
          "nodeType": "host",
          "props": Object {
            "children": Array [
              " - ",
              "31/12/1969",
            ],
          },
          "ref": null,
          "rendered": Array [
            " - ",
            "31/12/1969",
          ],
          "type": "p",
        },
        Object {
          "instance": null,
          "key": undefined,
          "nodeType": "class",
          "props": Object {
            "children": "Edit",
            "replace": false,
            "to": "/edit/1",
          },
          "ref": null,
          "rendered": "Edit",
          "type": [Function],
        },
      ],
      "type": "div",
    },
  ],
  Symbol(enzyme.__options__): Object {
    "adapter": ReactSixteenAdapter {
      "options": Object {
        "enableComponentDidUpdateOnSetState": true,
        "lifecycles": Object {
          "componentDidUpdate": Object {
            "onSetState": true,
          },
          "getDerivedStateFromProps": true,
          "getSnapshotBeforeUpdate": true,
          "setState": Object {
            "skipsComponentDidUpdateOnNullish": true,
          },
        },
      },
    },
    "attachTo": undefined,
    "hydrateIn": undefined,
  },
}
`;
